// Jest Snapshot v1, https://goo.gl/fbAQLP

exports[`Test GifGridItem debe momstrar el componente correctamente 1`] = `
<div
  className="card animate__animated animate__fadeIn"
>
  <img
    alt="Un titulo"
    src="http://localhost:3030"
  />
  <p>
    Un titulo
  </p>
</div>
`;
